// Jest Snapshot v1, https://goo.gl/fbAQLP

exports[`<Farms /> should render and match snapshot 1`] = `
Object {
  "asFragment": [Function],
  "baseElement": .c9 {
  display: -webkit-box;
  display: -webkit-flex;
  display: -ms-flexbox;
  display: flex;
  -webkit-box-pack: center;
  -webkit-justify-content: center;
  -ms-flex-pack: center;
  justify-content: center;
  -webkit-align-items: center;
  -webkit-box-align: center;
  -ms-flex-align: center;
  align-items: center;
  display: -webkit-box;
  display: -webkit-flex;
  display: -ms-flexbox;
  display: flex;
  cursor: pointer;
}

.c9,
.c9 > div,
.c9 > svg,
.c9 > img {
  width: 20px;
  height: 20px;
}

.c0 {
  display: -webkit-box;
  display: -webkit-flex;
  display: -ms-flexbox;
  display: flex;
  -webkit-flex-direction: row;
  -ms-flex-direction: row;
  flex-direction: row;
  padding: 0.25rem;
  border: 1px solid #1F2937;
  box-sizing: border-box;
  -webkit-backdrop-filter: blur(12px);
  backdrop-filter: blur(12px);
  border-radius: 8px;
  opacity: 1;
  width: auto;
  white-space: nowrap;
}

.c1 {
  display: -webkit-box;
  display: -webkit-flex;
  display: -ms-flexbox;
  display: flex;
  -webkit-flex: 1;
  -ms-flex: 1;
  flex: 1;
  -webkit-align-items: center;
  -webkit-box-align: center;
  -ms-flex-align: center;
  align-items: center;
  -webkit-box-pack: center;
  -webkit-justify-content: center;
  -ms-flex-pack: center;
  justify-content: center;
  margin-right: 0.25rem;
  background: rgba(100,221,192,0.15);
  border-radius: 4px;
  cursor: pointer;
  -webkit-user-select: none;
  -moz-user-select: none;
  -ms-user-select: none;
  user-select: none;
  padding: 0.25rem 0.75rem;
}

.c1,
.c1 > * {
  color: #0086ff;
}

.c2 {
  display: -webkit-box;
  display: -webkit-flex;
  display: -ms-flexbox;
  display: flex;
  -webkit-flex: 1;
  -ms-flex: 1;
  flex: 1;
  -webkit-align-items: center;
  -webkit-box-align: center;
  -ms-flex-align: center;
  align-items: center;
  -webkit-box-pack: center;
  -webkit-justify-content: center;
  -ms-flex-pack: center;
  justify-content: center;
  margin-right: 0.25rem;
  border-radius: 4px;
  cursor: pointer;
  -webkit-user-select: none;
  -moz-user-select: none;
  -ms-user-select: none;
  user-select: none;
  padding: 0.25rem 0.75rem;
}

.c2,
.c2 > * {
  color: #FFFFFF;
}

.c2:hover {
  background: #374151;
}

.c3 {
  display: -webkit-box;
  display: -webkit-flex;
  display: -ms-flexbox;
  display: flex;
  -webkit-flex: 1;
  -ms-flex: 1;
  flex: 1;
  -webkit-align-items: center;
  -webkit-box-align: center;
  -ms-flex-align: center;
  align-items: center;
  -webkit-box-pack: center;
  -webkit-justify-content: center;
  -ms-flex-pack: center;
  justify-content: center;
  border-radius: 4px;
  cursor: pointer;
  -webkit-user-select: none;
  -moz-user-select: none;
  -ms-user-select: none;
  user-select: none;
  padding: 0.25rem 0.75rem;
}

.c3,
.c3 > * {
  color: #FFFFFF;
}

.c3:hover {
  background: #374151;
}

.c12 {
  background: #374151;
  color: #FFFFFF;
  border: 1px solid #374151;
  border-radius: 4px;
  font-family: inherit;
  font-size: 18px;
  font-weight: 500;
  line-height: 1.5rem;
  padding: 0.5rem;
  width: -webkit-fit-content;
  width: -moz-fit-content;
  width: fit-content;
  cursor: pointer;
}

.c12:hover {
  opacity: 0.8;
}

.c12:active {
  border: 1px solid #9CA3AF;
  opacity: 1;
}

.c12:not(.c11:active):not(.c11:hover) {
  background: none;
  border: 1px solid transparent;
}

.c12,
.c12 > * {
  -webkit-transition: all 0.1s ease-out;
  transition: all 0.1s ease-out;
}

.c13 {
  display: -webkit-box;
  display: -webkit-flex;
  display: -ms-flexbox;
  display: flex;
  -webkit-box-pack: center;
  -webkit-justify-content: center;
  -ms-flex-pack: center;
  justify-content: center;
  -webkit-align-items: center;
  -webkit-box-align: center;
  -ms-flex-align: center;
  align-items: center;
  -webkit-flex-direction: row;
  -ms-flex-direction: row;
  flex-direction: row;
  padding: 7px;
}

.c14 {
  display: -webkit-box;
  display: -webkit-flex;
  display: -ms-flexbox;
  display: flex;
  -webkit-align-items: center;
  -webkit-box-align: center;
  -ms-flex-align: center;
  align-items: center;
}

.c14,
.c14 > div,
.c14 > svg,
.c14 > img {
  width: 1.5rem;
  height: 1.5rem;
}

.c10 {
  display: -webkit-box;
  display: -webkit-flex;
  display: -ms-flexbox;
  display: flex;
  -webkit-flex-direction: row;
  -ms-flex-direction: row;
  flex-direction: row;
  -webkit-align-items: center;
  -webkit-box-align: center;
  -ms-flex-align: center;
  align-items: center;
  border-radius: 8px;
  -webkit-flex-direction: row-reverse;
  -ms-flex-direction: row-reverse;
  flex-direction: row-reverse;
}

.c10,
.c10 > div {
  width: 100%;
}

.c10,
.c10 > * {
  -webkit-transition: all 0.1s ease-out;
  transition: all 0.1s ease-out;
}

.c4 {
  margin-right: 0.5rem;
}

.c5 {
  position: relative;
  display: inline-block;
  width: 2.5rem;
  height: 1.5rem;
}

.c8 {
  position: absolute;
  cursor: pointer;
  top: 0;
  left: 0;
  right: 0;
  bottom: 0;
  background: rgba(100,221,192,0.15);
  border-radius: 4px;
  -webkit-transition: 0.4s;
  -webkit-transition: 0.4s;
  transition: 0.4s;
}

.c8:before {
  position: absolute;
  content: '';
  left: 0.25rem;
  bottom: 0.25rem;
  background-color: #FFFFFF;
  border-radius: 4px;
  height: 1rem;
  width: 1rem;
  -webkit-transition: 0.4s;
  -webkit-transition: 0.4s;
  transition: 0.4s;
}

.c6 {
  position: relative;
  cursor: pointer;
  width: 100%;
  height: 100%;
  margin: 0;
  opacity: 0;
  z-index: 1;
}

.c6:checked + .c7:before {
  -webkit-transform: translateX(16px);
  -ms-transform: translateX(16px);
  -webkit-transform: translateX(16px);
  -ms-transform: translateX(16px);
  transform: translateX(16px);
  background-color: #0086ff;
}

@media (min-width:320px) {
  .c0 {
    width: 100%;
  }
}

@media (min-width:768px) {
  .c0 {
    width: -webkit-fit-content;
    width: -moz-fit-content;
    width: fit-content;
  }
}

<body
    class="chakra-ui-dark"
  >
    <div
      id="chakra-toast-portal"
    >
      <ul
        id="chakra-toast-manager-top"
        style="position: fixed; z-index: 5500; pointer-events: none; display: flex; flex-direction: column; margin: 0px auto;"
      />
      <ul
        id="chakra-toast-manager-top-left"
        style="position: fixed; z-index: 5500; pointer-events: none; display: flex; flex-direction: column;"
      />
      <ul
        id="chakra-toast-manager-top-right"
        style="position: fixed; z-index: 5500; pointer-events: none; display: flex; flex-direction: column;"
      />
      <ul
        id="chakra-toast-manager-bottom-left"
        style="position: fixed; z-index: 5500; pointer-events: none; display: flex; flex-direction: column;"
      />
      <ul
        id="chakra-toast-manager-bottom"
        style="position: fixed; z-index: 5500; pointer-events: none; display: flex; flex-direction: column; margin: 0px auto;"
      />
      <ul
        id="chakra-toast-manager-bottom-right"
        style="position: fixed; z-index: 5500; pointer-events: none; display: flex; flex-direction: column;"
      />
    </div>
    <div>
      <div
        class="css-1ilsf3r"
      >
        <div
          class="css-mpc7he"
        >
          <div
            class="css-1nzti2h"
          >
            <img
              class="chakra-image css-1iwzz16"
              src="farm01.png"
            />
            <img
              class="chakra-image css-1od2p93"
              src="farm02.png"
            />
          </div>
          <div
            class="css-1ui6izz"
          >
            <button
              class="chakra-button css-ftvr69"
              type="button"
            >
              <svg
                class="chakra-icon css-18w02b3"
                focusable="false"
              >
                farm.svg
              </svg>
            </button>
            <h2
              class="css-1io1c3r"
            >
              farms.common.title
            </h2>
            <div>
              <button
                class="chakra-button css-1jl4wan"
                data-testid="open-modal-button"
                type="button"
              >
                <svg
                  class="chakra-icon css-a3dk5y"
                  focusable="false"
                >
                  question-3-circle.svg
                </svg>
              </button>
            </div>
          </div>
          <div
            class="chakra-stack css-1vq85c"
          >
            <div
              class="css-1jn64mq"
            >
              <div
                class="css-0"
              >
                <p
                  class="chakra-text css-w7eglm"
                  sub="false"
                >
                  farms.common.farmRewards
                </p>
                <h2
                  class="css-1l3sbti"
                >
                  0.00
                </h2>
              </div>
              <div
                class="css-0"
              >
                <button
                  class="chakra-button css-hqwh9h"
                  disabled=""
                  type="button"
                >
                  farms.common.claimAllRewards
                </button>
              </div>
            </div>
            <button
              class="chakra-button css-17xrsf3"
              type="button"
            >
              Create Farm
            </button>
          </div>
           
          <div
            id="top"
          />
          <div
            class="css-ajsnul"
          >
            <div
              class="c0"
            >
              <h4
                class="c1 css-1qkyk1j"
              >
                farms.common.all
              </h4>
              <h4
                class="c2 css-1qkyk1j"
              >
                farms.common.classicV2
              </h4>
              <h4
                class="c3 css-1qkyk1j"
              >
                farms.common.stable
              </h4>
            </div>
            <div
              class="css-1auspm1"
            >
              <div
                class="css-1l6tbdo"
              >
                
                <div
                  class="css-1oi1xi1"
                >
                  <h5
                    class="c4 css-16rknt3"
                  >
                    <p
                      class="chakra-text css-mo8nyq"
                    >
                      farms.filter.inactive
                    </p>
                  </h5>
                  <div
                    class="c5"
                  >
                    <input
                      class="c6"
                      id="switch-checkbox"
                      name="switch-checkbox"
                      type="checkbox"
                    />
                    <span
                      class="c7 c8"
                    />
                  </div>
                </div>
              </div>
              <div
                class="chakra-stack css-84zodg"
              >
                <div
                  class="chakra-stack css-84zodg"
                >
                  <div
                    class="css-1w5w7p3"
                    data-testid="icon-wrapper"
                  >
                    <label
                      class="css-xmqerp"
                    >
                      farms.sort.label: farms.sort.apr
                    </label>
                    <div
                      class="c9"
                    >
                      <svg>
                        caret-down.svg
                      </svg>
                    </div>
                  </div>
                </div>
                <div
                  class="c10 css-0"
                >
                  <button
                    class="c11 c12 c13"
                  >
                    <div
                      class="c14"
                    >
                      <svg>
                        search-loupe.svg
                      </svg>
                    </div>
                  </button>
                </div>
              </div>
            </div>
          </div>
          <div
            class="css-0"
          >
            <div
              class="chakra-stack css-1u5ls3l"
            >
              <div
                class="chakra-skeleton css-1fp01ih"
              />
              <div
                class="chakra-skeleton css-1fp01ih"
              />
              <div
                class="chakra-skeleton css-1fp01ih"
              />
            </div>
          </div>
        </div>
      </div>
    </div>
  </body>,
  "container": <div>
    <div
      class="css-1ilsf3r"
    >
      <div
        class="css-mpc7he"
      >
        <div
          class="css-1nzti2h"
        >
          <img
            class="chakra-image css-1iwzz16"
            src="farm01.png"
          />
          <img
            class="chakra-image css-1od2p93"
            src="farm02.png"
          />
        </div>
        <div
          class="css-1ui6izz"
        >
          <button
            class="chakra-button css-ftvr69"
            type="button"
          >
            <svg
              class="chakra-icon css-18w02b3"
              focusable="false"
            >
              farm.svg
            </svg>
          </button>
          <h2
            class="css-1io1c3r"
          >
            farms.common.title
          </h2>
          <div>
            <button
              class="chakra-button css-1jl4wan"
              data-testid="open-modal-button"
              type="button"
            >
              <svg
                class="chakra-icon css-a3dk5y"
                focusable="false"
              >
                question-3-circle.svg
              </svg>
            </button>
          </div>
        </div>
        <div
          class="chakra-stack css-1vq85c"
        >
          <div
            class="css-1jn64mq"
          >
            <div
              class="css-0"
            >
              <p
                class="chakra-text css-w7eglm"
                sub="false"
              >
                farms.common.farmRewards
              </p>
              <h2
                class="css-1l3sbti"
              >
                0.00
              </h2>
            </div>
            <div
              class="css-0"
            >
              <button
                class="chakra-button css-hqwh9h"
                disabled=""
                type="button"
              >
                farms.common.claimAllRewards
              </button>
            </div>
          </div>
          <button
            class="chakra-button css-17xrsf3"
            type="button"
          >
            Create Farm
          </button>
        </div>
         
        <div
          id="top"
        />
        <div
          class="css-ajsnul"
        >
          <div
            class="sc-gsDKAQ hJzHGC"
          >
            <h4
              class="sc-hKwDye hQErBE css-1qkyk1j"
            >
              farms.common.all
            </h4>
            <h4
              class="sc-hKwDye LdJna css-1qkyk1j"
            >
              farms.common.classicV2
            </h4>
            <h4
              class="sc-hKwDye bypIBB css-1qkyk1j"
            >
              farms.common.stable
            </h4>
          </div>
          <div
            class="css-1auspm1"
          >
            <div
              class="css-1l6tbdo"
            >
              
              <div
                class="css-1oi1xi1"
              >
                <h5
                  class="sc-iqseJM jSotcC css-16rknt3"
                >
                  <p
                    class="chakra-text css-mo8nyq"
                  >
                    farms.filter.inactive
                  </p>
                </h5>
                <div
                  class="sc-crHmcD kyOQos"
                >
                  <input
                    class="sc-bqiRlB kuyJNp"
                    id="switch-checkbox"
                    name="switch-checkbox"
                    type="checkbox"
                  />
                  <span
                    class="sc-egiyK boOGYW"
                  />
                </div>
              </div>
            </div>
            <div
              class="chakra-stack css-84zodg"
            >
              <div
                class="chakra-stack css-84zodg"
              >
                <div
                  class="css-1w5w7p3"
                  data-testid="icon-wrapper"
                >
                  <label
                    class="css-xmqerp"
                  >
                    farms.sort.label: farms.sort.apr
                  </label>
                  <div
                    class="sc-bdvvtL kNCpAL"
                  >
                    <svg>
                      caret-down.svg
                    </svg>
                  </div>
                </div>
              </div>
              <div
                class="sc-kDTinF jIAinM css-0"
              >
                <button
                  class="sc-furwcr kzqPqi sc-pVTFL lmnSnm"
                >
                  <div
                    class="sc-jrQzAO YZvaj"
                  >
                    <svg>
                      search-loupe.svg
                    </svg>
                  </div>
                </button>
              </div>
            </div>
          </div>
        </div>
        <div
          class="css-0"
        >
          <div
            class="chakra-stack css-1u5ls3l"
          >
            <div
              class="chakra-skeleton css-1fp01ih"
            />
            <div
              class="chakra-skeleton css-1fp01ih"
            />
            <div
              class="chakra-skeleton css-1fp01ih"
            />
          </div>
        </div>
      </div>
    </div>
  </div>,
  "debug": [Function],
  "findAllByAltText": [Function],
  "findAllByDisplayValue": [Function],
  "findAllByLabelText": [Function],
  "findAllByPlaceholderText": [Function],
  "findAllByRole": [Function],
  "findAllByTestId": [Function],
  "findAllByText": [Function],
  "findAllByTitle": [Function],
  "findByAltText": [Function],
  "findByDisplayValue": [Function],
  "findByLabelText": [Function],
  "findByPlaceholderText": [Function],
  "findByRole": [Function],
  "findByTestId": [Function],
  "findByText": [Function],
  "findByTitle": [Function],
  "getAllByAltText": [Function],
  "getAllByDisplayValue": [Function],
  "getAllByLabelText": [Function],
  "getAllByPlaceholderText": [Function],
  "getAllByRole": [Function],
  "getAllByTestId": [Function],
  "getAllByText": [Function],
  "getAllByTitle": [Function],
  "getByAltText": [Function],
  "getByDisplayValue": [Function],
  "getByLabelText": [Function],
  "getByPlaceholderText": [Function],
  "getByRole": [Function],
  "getByTestId": [Function],
  "getByText": [Function],
  "getByTitle": [Function],
  "queryAllByAltText": [Function],
  "queryAllByDisplayValue": [Function],
  "queryAllByLabelText": [Function],
  "queryAllByPlaceholderText": [Function],
  "queryAllByRole": [Function],
  "queryAllByTestId": [Function],
  "queryAllByText": [Function],
  "queryAllByTitle": [Function],
  "queryByAltText": [Function],
  "queryByDisplayValue": [Function],
  "queryByLabelText": [Function],
  "queryByPlaceholderText": [Function],
  "queryByRole": [Function],
  "queryByTestId": [Function],
  "queryByText": [Function],
  "queryByTitle": [Function],
  "rerender": [Function],
  "unmount": [Function],
}
`;
