// Jest Snapshot v1, https://goo.gl/fbAQLP

exports[`TokenPairAPR-Component Matches SnapShot with Values 1`] = `
Array [
  .c3 {
  display: inline-block;
}

.c3 svg {
  display: block;
}

.c3 svg {
  width: 2rem;
  height: 2rem;
}

.c8 {
  display: -webkit-inline-box;
  display: -webkit-inline-flex;
  display: -ms-inline-flexbox;
  display: inline-flex;
  -webkit-align-items: center;
  -webkit-box-align: center;
  -ms-flex-align: center;
  align-items: center;
  border-radius: 4px;
  font-size: 14px;
  font-family: Jost,system-ui,-apple-system,BlinkMacSystemFont,"Segoe UI",Roboto,"Helvetica Neue",Arial,"Noto Sans",sans-serif,"Apple Color Emoji","Segoe UI Emoji","Segoe UI Symbol","Noto Color Emoji";
  padding: 0.125rem 0.25rem;
  background-color: rgba(100,221,192,0.15);
  color: #0086ff;
}

.c0 {
  display: -webkit-box;
  display: -webkit-flex;
  display: -ms-flexbox;
  display: flex;
  -webkit-align-items: center;
  -webkit-box-align: center;
  -ms-flex-align: center;
  align-items: center;
  -webkit-box-pack: justify;
  -webkit-justify-content: space-between;
  -ms-flex-pack: justify;
  justify-content: space-between;
  padding: 8px;
  border-radius: 8px;
  background-color: #1F2937;
}

.c1 {
  display: -webkit-box;
  display: -webkit-flex;
  display: -ms-flexbox;
  display: flex;
  -webkit-align-items: center;
  -webkit-box-align: center;
  -ms-flex-align: center;
  align-items: center;
  gap: 0.5rem;
}

.c5 {
  font-size: 20px;
  text-transform: uppercase;
}

.c7 {
  text-align: center;
}

.c9 {
  color: #FFFFFF;
  background: #374151;
  font-weight: 500;
  margin-top: -1px;
}

.c6 {
  display: -webkit-box;
  display: -webkit-flex;
  display: -ms-flexbox;
  display: flex;
  -webkit-flex-direction: column;
  -ms-flex-direction: column;
  flex-direction: column;
  -webkit-align-items: center;
  -webkit-box-align: center;
  -ms-flex-align: center;
  align-items: center;
  gap: 0.25rem;
}

.c2 {
  display: -webkit-box;
  display: -webkit-flex;
  display: -ms-flexbox;
  display: flex;
}

.c2 div {
  border-radius: 100%;
  background-color: #374151;
  border: 2px solid #1F2937;
}

.c2 div:last-child {
  margin-left: -8px;
}

.c4 {
  margin: 3px 0;
}

.c4 h3 {
  line-height: 1;
}

<div
    className="c0"
    data-testid="TokenPairAPR"
  >
    <div
      className="c1"
    >
      <div
        className="c2"
      >
        <div
          className="c3"
          dangerouslySetInnerHTML={
            Object {
              "__html": "<svg xmlns=\\"http://www.w3.org/2000/svg\\" width=\\"32\\" height=\\"32\\" viewBox=\\"0 0 32 32\\"><path fill=\\"#f7931a\\" fill-rule=\\"nonzero\\" d=\\"M23.189 14.02c.314-2.096-1.283-3.223-3.465-3.975l.708-2.84-1.728-.43-.69 2.765c-.454-.114-.92-.22-1.385-.326l.695-2.783L15.596 6l-.708 2.839c-.376-.086-.746-.17-1.104-.26l.002-.009-2.384-.595-.46 1.846s1.283.294 1.256.312c.7.175.826.638.805 1.006l-.806 3.235c.048.012.11.03.18.057l-.183-.045-1.13 4.532c-.086.212-.303.531-.793.41.018.025-1.256-.313-1.256-.313l-.858 1.978 2.25.561c.418.105.828.215 1.231.318l-.715 2.872 1.727.43.708-2.84c.472.127.93.245 1.378.357l-.706 2.828 1.728.43.715-2.866c2.948.558 5.164.333 6.097-2.333.752-2.146-.037-3.385-1.588-4.192 1.13-.26 1.98-1.003 2.207-2.538zm-3.95 5.538c-.533 2.147-4.148.986-5.32.695l.95-3.805c1.172.293 4.929.872 4.37 3.11zm.535-5.569c-.487 1.953-3.495.96-4.47.717l.86-3.45c.975.243 4.118.696 3.61 2.733z\\"></path></svg>",
            }
          }
          size="big"
        />
        <div
          className="c3"
          dangerouslySetInnerHTML={
            Object {
              "__html": "<svg xmlns=\\"http://www.w3.org/2000/svg\\" width=\\"32\\" height=\\"32\\" viewBox=\\"0 0 32 32\\"><g fill=\\"#627eea\\" fill-rule=\\"nonzero\\"><path fill-opacity=\\".602\\" d=\\"M16.498 4v8.87l7.497 3.35z\\"></path><path d=\\"M16.498 4L9 16.22l7.498-3.35z\\"></path><path fill-opacity=\\".602\\" d=\\"M16.498 21.968v6.027L24 17.616z\\"></path><path d=\\"M16.498 27.995v-6.028L9 17.616z\\"></path><path fill-opacity=\\".2\\" d=\\"M16.498 20.573l7.497-4.353-7.497-3.348z\\"></path><path fill-opacity=\\".602\\" d=\\"M9 16.22l7.498 4.353v-7.701z\\"></path></g></svg>",
            }
          }
          size="big"
        />
      </div>
      <div
        className="c4"
      >
        <h3
          className="c5 css-1mvjgxh"
        >
          BTC
        </h3>
        <h3
          className="c5 css-1mvjgxh"
        >
          ETH
        </h3>
      </div>
    </div>
    <div
      className="c6"
    >
      <p
        className="chakra-text c7 css-fzhz6b"
        sub="false"
      >
        APR
      </p>
      <span
        className="c8 c9"
      >
        <span>
          45.45
        </span>
        <span>
          %
        </span>
      </span>
    </div>
  </div>,
  <span />,
]
`;

exports[`TokenPairAPR-Component Matches SnapShot without Values 1`] = `<span />`;
