// Jest Snapshot v1, https://goo.gl/fbAQLP

exports[`<Footer /> should render and match snapshot 1`] = `
Object {
  "asFragment": [Function],
  "baseElement": .c7 {
  display: -webkit-box;
  display: -webkit-flex;
  display: -ms-flexbox;
  display: flex;
  -webkit-box-pack: center;
  -webkit-justify-content: center;
  -ms-flex-pack: center;
  justify-content: center;
  -webkit-align-items: center;
  -webkit-box-align: center;
  -ms-flex-align: center;
  align-items: center;
  display: -webkit-box;
  display: -webkit-flex;
  display: -ms-flexbox;
  display: flex;
  cursor: pointer;
}

.c7,
.c7 > div,
.c7 > svg,
.c7 > img {
  width: 24px;
  height: 24px;
}

.c0 {
  display: -webkit-box;
  display: -webkit-flex;
  display: -ms-flexbox;
  display: flex;
  -webkit-flex-direction: column;
  -ms-flex-direction: column;
  flex-direction: column;
  position: absolute;
  bottom: 0;
  width: 100%;
}

.c3 {
  height: 24px;
}

.c4 a {
  padding: 14px;
  display: inline-block;
}

.c4 a svg {
  display: block;
  color: #fff;
}

.c4 a:hover svg {
  color: #60E6C5;
}

.c2 {
  display: -webkit-box;
  display: -webkit-flex;
  display: -ms-flexbox;
  display: flex;
  -webkit-align-items: flex-end;
  -webkit-box-align: flex-end;
  -ms-flex-align: flex-end;
  align-items: flex-end;
  margin-left: 15px;
  -webkit-align-items: start;
  -webkit-box-align: start;
  -ms-flex-align: start;
  align-items: start;
}

.c1 {
  color: #fff;
  display: -webkit-box;
  display: -webkit-flex;
  display: -ms-flexbox;
  display: flex;
  -webkit-box-pack: justify;
  -webkit-justify-content: space-between;
  -ms-flex-pack: justify;
  justify-content: space-between;
  -webkit-align-items: center;
  -webkit-box-align: center;
  -ms-flex-align: center;
  align-items: center;
}

.c5 {
  display: inline-grid;
  grid-template-columns: repeat(5,1fr);
  grid-column-gap: 4px;
  position: fixed;
  bottom: -3px;
  width: 100%;
  padding: 4px;
  z-index: 1000;
  background: #101726;
  border-radius: 8px 8px 0 0;
}

.c6 {
  display: -webkit-box;
  display: -webkit-flex;
  display: -ms-flexbox;
  display: flex;
  -webkit-flex-direction: column;
  -ms-flex-direction: column;
  flex-direction: column;
  -webkit-align-items: center;
  -webkit-box-align: center;
  -ms-flex-align: center;
  align-items: center;
  padding: 4px 0;
  gap: 2px;
  -webkit-text-decoration: none;
  text-decoration: none;
  background: transparent;
  color: #FFFFFF;
  border-radius: 4px;
}

.c8 {
  color: #FFFFFF;
}

.c10 {
  color: #FFFFFF;
}

.c11 {
  color: #FFFFFF;
}

.c14 {
  color: #FFFFFF;
}

.c12 {
  color: #FFFFFF;
}

.c9 {
  background: transparent;
  border: none;
  color: #FFFFFF;
  font-family: Jost,system-ui,-apple-system,BlinkMacSystemFont,"Segoe UI",Roboto,"Helvetica Neue",Arial,"Noto Sans",sans-serif,"Apple Color Emoji","Segoe UI Emoji","Segoe UI Symbol","Noto Color Emoji";
  font-size: 10px;
  line-height: 20px;
}

.c13 {
  background: transparent;
  border-radius: 4px;
  display: -webkit-box;
  display: -webkit-flex;
  display: -ms-flexbox;
  display: flex;
  -webkit-flex-direction: column;
  -ms-flex-direction: column;
  flex-direction: column;
  -webkit-align-items: center;
  -webkit-box-align: center;
  -ms-flex-align: center;
  align-items: center;
  padding: 4px 0;
  gap: 2px;
  position: relative;
}

.c15 {
  color: #FFFFFF;
  font-family: Jost,system-ui,-apple-system,BlinkMacSystemFont,"Segoe UI",Roboto,"Helvetica Neue",Arial,"Noto Sans",sans-serif,"Apple Color Emoji","Segoe UI Emoji","Segoe UI Symbol","Noto Color Emoji";
  font-size: 10px;
  line-height: 20px;
}

.c16 {
  position: absolute;
  right: 0;
  bottom: 62px;
}

@media (min-width:768px) {
  .c0 {
    display: none;
  }
}

@media (max-width:320px) {
  .c4 a {
    padding: 6px;
  }
}

@media (max-width:768px) {
  .c1 {
    display: none;
  }
}

@media (min-width:768px) {
  .c5 {
    display: none;
  }
}

<body>
    <div
      id="chakra-toast-portal"
    >
      <ul
        id="chakra-toast-manager-top"
        style="position: fixed; z-index: 5500; pointer-events: none; display: flex; flex-direction: column; margin: 0px auto;"
      />
      <ul
        id="chakra-toast-manager-top-left"
        style="position: fixed; z-index: 5500; pointer-events: none; display: flex; flex-direction: column;"
      />
      <ul
        id="chakra-toast-manager-top-right"
        style="position: fixed; z-index: 5500; pointer-events: none; display: flex; flex-direction: column;"
      />
      <ul
        id="chakra-toast-manager-bottom-left"
        style="position: fixed; z-index: 5500; pointer-events: none; display: flex; flex-direction: column;"
      />
      <ul
        id="chakra-toast-manager-bottom"
        style="position: fixed; z-index: 5500; pointer-events: none; display: flex; flex-direction: column; margin: 0px auto;"
      />
      <ul
        id="chakra-toast-manager-bottom-right"
        style="position: fixed; z-index: 5500; pointer-events: none; display: flex; flex-direction: column;"
      />
    </div>
    <div>
      <div
        class="c0"
      >
        <div
          class="c1"
        >
          <div
            class="c2"
          >
            <span>
              common.footer.auditedBy
            </span>
            <img
              alt="hour-glass Img"
              class="c3"
              src="hour-glass.png"
            />
          </div>
          <div
            class="c4"
          >
            <a
              href="https://discord.gg/8FGd4nFQdT"
              rel="noreferrer"
              target="_blank"
            >
              <svg>
                discord.svg
              </svg>
            </a>
            <a
              href="https://twitter.com/Spirit_Swap"
              rel="noreferrer"
              target="_blank"
            >
              <svg>
                twitter.svg
              </svg>
            </a>
            <a
              href="https://github.com/Spirit-DAO/"
              rel="noreferrer"
              target="_blank"
            >
              <svg>
                github.svg
              </svg>
            </a>
            <a
              href="https://spiritswap.medium.com/"
              rel="noreferrer"
              target="_blank"
            >
              <svg>
                medium.svg
              </svg>
            </a>
            <a
              href="https://www.youtube.com/channel/UCrKLtNctO0obN4-bDMGlFuQ"
              rel="noreferrer"
              target="_blank"
            >
              <svg>
                youtube.svg
              </svg>
            </a>
          </div>
        </div>
        <div
          class="c5"
        >
          <a
            class="c6"
            href="/home"
          >
            <div
              class="c7"
            >
              <svg
                class="c8"
              >
                menu-home.svg
              </svg>
            </div>
            <span
              class="c9"
            >
              common.menu.home
            </span>
          </a>
          <a
            class="c6"
            href="/swap"
          >
            <div
              class="c7"
            >
              <svg
                class="c10"
              >
                menu-swap.svg
              </svg>
            </div>
            <span
              class="c9"
            >
              common.menu.swap
            </span>
          </a>
          <a
            class="c6"
            href="/liquidity"
          >
            <div
              class="c7"
            >
              <svg
                class="c11"
              >
                menu-liquidity.svg
              </svg>
            </div>
            <span
              class="c9"
            >
              common.menu.liquidity
            </span>
          </a>
          <a
            class="c6"
            href="/inspirit"
          >
            <div
              class="c7"
            >
              <svg
                class="c12"
              >
                menu-inspirit.svg
              </svg>
            </div>
            <span
              class="c9"
            >
              common.menu.inSpirit
            </span>
          </a>
          <div
            class="c13"
          >
            <div
              class="c7"
            >
              <svg
                class="c14"
              >
                menu-dots.svg
              </svg>
            </div>
            <span
              class="c15"
            >
              Moreee
            </span>
            <div
              class="c16"
            />
          </div>
        </div>
      </div>
    </div>
  </body>,
  "container": <div>
    <div
      class="sc-gKclnd hNaXOl"
    >
      <div
        class="sc-jrQzAO dhYxfQ"
      >
        <div
          class="sc-pVTFL kGAnER"
        >
          <span>
            common.footer.auditedBy
          </span>
          <img
            alt="hour-glass Img"
            class="sc-iCfMLu jpFRpz"
            src="hour-glass.png"
          />
        </div>
        <div
          class="sc-furwcr bMKQpD"
        >
          <a
            href="https://discord.gg/8FGd4nFQdT"
            rel="noreferrer"
            target="_blank"
          >
            <svg>
              discord.svg
            </svg>
          </a>
          <a
            href="https://twitter.com/Spirit_Swap"
            rel="noreferrer"
            target="_blank"
          >
            <svg>
              twitter.svg
            </svg>
          </a>
          <a
            href="https://github.com/Spirit-DAO/"
            rel="noreferrer"
            target="_blank"
          >
            <svg>
              github.svg
            </svg>
          </a>
          <a
            href="https://spiritswap.medium.com/"
            rel="noreferrer"
            target="_blank"
          >
            <svg>
              medium.svg
            </svg>
          </a>
          <a
            href="https://www.youtube.com/channel/UCrKLtNctO0obN4-bDMGlFuQ"
            rel="noreferrer"
            target="_blank"
          >
            <svg>
              youtube.svg
            </svg>
          </a>
        </div>
      </div>
      <div
        class="sc-kDTinF iBAUkz"
      >
        <a
          class="sc-crHmcD eQgfhF"
          href="/home"
        >
          <div
            class="sc-jRQBWg fNjUei"
          >
            <svg
              class="sc-egiyK cgrnfe"
            >
              menu-home.svg
            </svg>
          </div>
          <span
            class="sc-bkkeKt keLnyO"
          >
            common.menu.home
          </span>
        </a>
        <a
          class="sc-crHmcD eQgfhF"
          href="/swap"
        >
          <div
            class="sc-jRQBWg fNjUei"
          >
            <svg
              class="sc-bqiRlB kPEcTd"
            >
              menu-swap.svg
            </svg>
          </div>
          <span
            class="sc-bkkeKt keLnyO"
          >
            common.menu.swap
          </span>
        </a>
        <a
          class="sc-crHmcD eQgfhF"
          href="/liquidity"
        >
          <div
            class="sc-jRQBWg fNjUei"
          >
            <svg
              class="sc-ksdxgE dDDGfd"
            >
              menu-liquidity.svg
            </svg>
          </div>
          <span
            class="sc-bkkeKt keLnyO"
          >
            common.menu.liquidity
          </span>
        </a>
        <a
          class="sc-crHmcD eQgfhF"
          href="/inspirit"
        >
          <div
            class="sc-jRQBWg fNjUei"
          >
            <svg
              class="sc-fFeiMQ ctnKHD"
            >
              menu-inspirit.svg
            </svg>
          </div>
          <span
            class="sc-bkkeKt keLnyO"
          >
            common.menu.inSpirit
          </span>
        </a>
        <div
          class="sc-ieecCq fuMcnV"
        >
          <div
            class="sc-jRQBWg fNjUei"
          >
            <svg
              class="sc-fotOHu eQCLQ"
            >
              menu-dots.svg
            </svg>
          </div>
          <span
            class="sc-dJjYzT cSmpdr"
          >
            Moreee
          </span>
          <div
            class="sc-hGPBjI ftmzDl"
          />
        </div>
      </div>
    </div>
  </div>,
  "debug": [Function],
  "findAllByAltText": [Function],
  "findAllByDisplayValue": [Function],
  "findAllByLabelText": [Function],
  "findAllByPlaceholderText": [Function],
  "findAllByRole": [Function],
  "findAllByTestId": [Function],
  "findAllByText": [Function],
  "findAllByTitle": [Function],
  "findByAltText": [Function],
  "findByDisplayValue": [Function],
  "findByLabelText": [Function],
  "findByPlaceholderText": [Function],
  "findByRole": [Function],
  "findByTestId": [Function],
  "findByText": [Function],
  "findByTitle": [Function],
  "getAllByAltText": [Function],
  "getAllByDisplayValue": [Function],
  "getAllByLabelText": [Function],
  "getAllByPlaceholderText": [Function],
  "getAllByRole": [Function],
  "getAllByTestId": [Function],
  "getAllByText": [Function],
  "getAllByTitle": [Function],
  "getByAltText": [Function],
  "getByDisplayValue": [Function],
  "getByLabelText": [Function],
  "getByPlaceholderText": [Function],
  "getByRole": [Function],
  "getByTestId": [Function],
  "getByText": [Function],
  "getByTitle": [Function],
  "queryAllByAltText": [Function],
  "queryAllByDisplayValue": [Function],
  "queryAllByLabelText": [Function],
  "queryAllByPlaceholderText": [Function],
  "queryAllByRole": [Function],
  "queryAllByTestId": [Function],
  "queryAllByText": [Function],
  "queryAllByTitle": [Function],
  "queryByAltText": [Function],
  "queryByDisplayValue": [Function],
  "queryByLabelText": [Function],
  "queryByPlaceholderText": [Function],
  "queryByRole": [Function],
  "queryByTestId": [Function],
  "queryByText": [Function],
  "queryByTitle": [Function],
  "rerender": [Function],
  "unmount": [Function],
}
`;
