// Jest Snapshot v1, https://goo.gl/fbAQLP

exports[`<BoostInfoPanel /> should render and match the snapshot 1`] = `
Object {
  "asFragment": [Function],
  "baseElement": .c3 {
  height: 100%;
  min-width: 0;
  grid-column-end: span 1;
  grid-row-end: span 1;
}

.c2 {
  display: grid;
  height: auto;
  grid-auto-flow: row;
  grid-auto-rows: minmax(20px,auto);
  grid-template-columns: repeat(2,1fr);
  grid-gap: 8px;
}

.c10 {
  display: -webkit-box;
  display: -webkit-flex;
  display: -ms-flexbox;
  display: flex;
  -webkit-box-pack: center;
  -webkit-justify-content: center;
  -ms-flex-pack: center;
  justify-content: center;
  -webkit-align-items: center;
  -webkit-box-align: center;
  -ms-flex-align: center;
  align-items: center;
  display: -webkit-box;
  display: -webkit-flex;
  display: -ms-flexbox;
  display: flex;
  cursor: pointer;
}

.c10,
.c10 > div,
.c10 > svg,
.c10 > img {
  width: 28px;
  height: 28px;
}

.c13 {
  display: -webkit-box;
  display: -webkit-flex;
  display: -ms-flexbox;
  display: flex;
  -webkit-box-pack: center;
  -webkit-justify-content: center;
  -ms-flex-pack: center;
  justify-content: center;
  -webkit-align-items: center;
  -webkit-box-align: center;
  -ms-flex-align: center;
  align-items: center;
  display: -webkit-box;
  display: -webkit-flex;
  display: -ms-flexbox;
  display: flex;
  cursor: pointer;
}

.c13,
.c13 > div,
.c13 > svg,
.c13 > img {
  width: 16px;
  height: 16px;
}

.c14 {
  height: 8px;
  background-image: linear-gradient( 90deg, rgba(19,181,236,0.25), rgba(0,189,116,0.25) );
  border-radius: 4px;
  position: relative;
  -webkit-filter: drop-shadow(0px 0px 2px rgba(255,255,255,0.5));
  filter: drop-shadow(0px 0px 2px rgba(255,255,255,0.5));
}

.c15 {
  height: 100%;
  width: 45%;
  border-radius: 4px 0px 0px 4px;
  -webkit-mask: linear-gradient(#fff 0 0);
  -webkit-mask: linear-gradient(#fff 0 0);
  mask: linear-gradient(#fff 0 0);
}

.c15::before {
  content: '';
  position: absolute;
  top: 0;
  left: 0;
  right: 0;
  bottom: 0;
  background-image: linear-gradient(to right, #000000, #434343);
}

.c4 {
  display: -webkit-box;
  display: -webkit-flex;
  display: -ms-flexbox;
  display: flex;
  -webkit-flex-direction: column;
  -ms-flex-direction: column;
  flex-direction: column;
  gap: 0.25rem;
}

.c5 {
  text-align: center;
  font-size: 12px;
}

.c6 {
  color: #D1D5DB;
}

.c7 {
  text-align: center;
  font-weight: 500;
  font-size: 20px;
}

.c8 {
  color: #0086ff;
}

.c0 {
  display: -webkit-box;
  display: -webkit-flex;
  display: -ms-flexbox;
  display: flex;
  -webkit-flex-direction: column;
  -ms-flex-direction: column;
  flex-direction: column;
  gap: 0.5rem;
}

.c1 {
  display: -webkit-box;
  display: -webkit-flex;
  display: -ms-flexbox;
  display: flex;
  -webkit-flex-direction: column;
  -ms-flex-direction: column;
  flex-direction: column;
  gap: 0.5rem;
  padding: 0.5rem;
  background-color: #17202F;
  border-radius: 8px;
}

.c9 {
  color: #D1D5DB;
  display: -webkit-box;
  display: -webkit-flex;
  display: -ms-flexbox;
  display: flex;
  -webkit-align-items: center;
  -webkit-box-align: center;
  -ms-flex-align: center;
  align-items: center;
  margin: auto;
  gap: 0.25rem;
}

.c9 p {
  font-size: 12px;
}

.c9 strong,
.c9 b {
  color: #FFFFFF;
}

.c11 {
  margin: -3px;
}

.c12 b {
  font-weight: 500;
}

.c12 mark {
  color: #0086ff;
  font-weight: 500;
  background: transparent;
}

<body
    class="chakra-ui-dark"
  >
    <div
      id="chakra-toast-portal"
    >
      <ul
        id="chakra-toast-manager-top"
        style="position: fixed; z-index: 5500; pointer-events: none; display: flex; flex-direction: column; margin: 0px auto;"
      />
      <ul
        id="chakra-toast-manager-top-left"
        style="position: fixed; z-index: 5500; pointer-events: none; display: flex; flex-direction: column;"
      />
      <ul
        id="chakra-toast-manager-top-right"
        style="position: fixed; z-index: 5500; pointer-events: none; display: flex; flex-direction: column;"
      />
      <ul
        id="chakra-toast-manager-bottom-left"
        style="position: fixed; z-index: 5500; pointer-events: none; display: flex; flex-direction: column;"
      />
      <ul
        id="chakra-toast-manager-bottom"
        style="position: fixed; z-index: 5500; pointer-events: none; display: flex; flex-direction: column; margin: 0px auto;"
      />
      <ul
        id="chakra-toast-manager-bottom-right"
        style="position: fixed; z-index: 5500; pointer-events: none; display: flex; flex-direction: column;"
      />
    </div>
    <div>
      <div
        class="c0"
      >
        <div
          class="c1"
        >
          <div
            class="c2"
          >
            <div
              class="c3"
            >
              <div
                class="c4"
                data-testid="TokenEarningsBox"
              >
                <p
                  class="chakra-text c5 c6 css-fzhz6b"
                  sub="false"
                >
                  Your Boost Factor
                </p>
                <p
                  class="chakra-text c7 c8 css-fzhz6b"
                  sub="false"
                >
                  1.70
                </p>
              </div>
            </div>
            <div
              class="c3"
            >
              <div
                class="c4"
                data-testid="TokenEarningsBox"
              >
                <p
                  class="chakra-text c5 c6 css-fzhz6b"
                  sub="false"
                >
                  Your APR
                </p>
                <p
                  class="chakra-text c7 c8 css-fzhz6b"
                  sub="false"
                >
                  73.33
                </p>
              </div>
            </div>
          </div>
          <div
            class="c9"
          >
            <div
              class="c10 c11"
              size="28"
            >
              <svg>
                ghost.svg
              </svg>
            </div>
            <p
              class="chakra-text c12 css-fzhz6b"
              sub="false"
            >
              <span>
                farms.boostInfoPanel.holdLabel
              </span>
            </p>
            <div
              class="c13"
              size="16"
            >
              <svg>
                question-3-circle.svg
              </svg>
            </div>
          </div>
          <div
            class="c14"
          >
            <div
              class="c15"
              value="45"
            />
          </div>
        </div>
      </div>
    </div>
  </body>,
  "container": <div>
    <div
      class="sc-pVTFL eYVUhB"
    >
      <div
        class="sc-jrQzAO djAItT"
      >
        <div
          class="Grid__Grid-dRfZyX bmHRSb"
        >
          <div
            class="Cell__Cell-jniGoP lbCjdf"
          >
            <div
              class="sc-hKwDye kJgMJf"
              data-testid="TokenEarningsBox"
            >
              <p
                class="chakra-text sc-eCImPb sc-jRQBWg gcBHuI exbosW css-fzhz6b"
                sub="false"
              >
                Your Boost Factor
              </p>
              <p
                class="chakra-text sc-gKclnd sc-furwcr isMEWA lnYGaL css-fzhz6b"
                sub="false"
              >
                1.70
              </p>
            </div>
          </div>
          <div
            class="Cell__Cell-jniGoP lbCjdf"
          >
            <div
              class="sc-hKwDye kJgMJf"
              data-testid="TokenEarningsBox"
            >
              <p
                class="chakra-text sc-eCImPb sc-jRQBWg gcBHuI exbosW css-fzhz6b"
                sub="false"
              >
                Your APR
              </p>
              <p
                class="chakra-text sc-gKclnd sc-furwcr isMEWA lnYGaL css-fzhz6b"
                sub="false"
              >
                73.33
              </p>
            </div>
          </div>
        </div>
        <div
          class="sc-kDTinF eCpCkO"
        >
          <div
            class="sc-bdvvtL hgAHHz sc-iqseJM hTxosv"
            size="28"
          >
            <svg>
              ghost.svg
            </svg>
          </div>
          <p
            class="chakra-text sc-crHmcD fousrx css-fzhz6b"
            sub="false"
          >
            <span>
              farms.boostInfoPanel.holdLabel
            </span>
          </p>
          <div
            class="sc-bdvvtL jCBCmT"
            size="16"
          >
            <svg>
              question-3-circle.svg
            </svg>
          </div>
        </div>
        <div
          class="sc-gsDKAQ cOHKFz"
        >
          <div
            class="sc-dkPtRN eZXfKt"
            value="45"
          />
        </div>
      </div>
    </div>
  </div>,
  "debug": [Function],
  "findAllByAltText": [Function],
  "findAllByDisplayValue": [Function],
  "findAllByLabelText": [Function],
  "findAllByPlaceholderText": [Function],
  "findAllByRole": [Function],
  "findAllByTestId": [Function],
  "findAllByText": [Function],
  "findAllByTitle": [Function],
  "findByAltText": [Function],
  "findByDisplayValue": [Function],
  "findByLabelText": [Function],
  "findByPlaceholderText": [Function],
  "findByRole": [Function],
  "findByTestId": [Function],
  "findByText": [Function],
  "findByTitle": [Function],
  "getAllByAltText": [Function],
  "getAllByDisplayValue": [Function],
  "getAllByLabelText": [Function],
  "getAllByPlaceholderText": [Function],
  "getAllByRole": [Function],
  "getAllByTestId": [Function],
  "getAllByText": [Function],
  "getAllByTitle": [Function],
  "getByAltText": [Function],
  "getByDisplayValue": [Function],
  "getByLabelText": [Function],
  "getByPlaceholderText": [Function],
  "getByRole": [Function],
  "getByTestId": [Function],
  "getByText": [Function],
  "getByTitle": [Function],
  "queryAllByAltText": [Function],
  "queryAllByDisplayValue": [Function],
  "queryAllByLabelText": [Function],
  "queryAllByPlaceholderText": [Function],
  "queryAllByRole": [Function],
  "queryAllByTestId": [Function],
  "queryAllByText": [Function],
  "queryAllByTitle": [Function],
  "queryByAltText": [Function],
  "queryByDisplayValue": [Function],
  "queryByLabelText": [Function],
  "queryByPlaceholderText": [Function],
  "queryByRole": [Function],
  "queryByTestId": [Function],
  "queryByText": [Function],
  "queryByTitle": [Function],
  "rerender": [Function],
  "unmount": [Function],
}
`;
