// Jest Snapshot v1, https://goo.gl/fbAQLP

exports[`<IconTooltipPanel /> With properties should render and match the snapshot 1`] = `
Object {
  "asFragment": [Function],
  "baseElement": .c4 {
  display: inline-grid;
  grid-auto-flow: column;
  -webkit-align-items: center;
  -webkit-box-align: center;
  -ms-flex-align: center;
  align-items: center;
  gap: 0.5rem;
}

.c0 {
  padding: 0.25rem 0.5rem;
  background: #17202F;
  border-radius: 4px;
}

.c1 {
  display: -webkit-box;
  display: -webkit-flex;
  display: -ms-flexbox;
  display: flex;
  -webkit-box-pack: justify;
  -webkit-justify-content: space-between;
  -ms-flex-pack: justify;
  justify-content: space-between;
}

.c2 {
  color: #D1D5DB;
  font-size: 14px;
}

.c3 {
  color: #FFFFFF;
  text-align: right;
  font-size: 14px;
  font-weight: 500;
}

.c5 {
  color: #0086ff;
}

<body
    class="chakra-ui-dark"
  >
    <div
      id="chakra-toast-portal"
    >
      <ul
        id="chakra-toast-manager-top"
        style="position: fixed; z-index: 5500; pointer-events: none; display: flex; flex-direction: column; margin: 0px auto;"
      />
      <ul
        id="chakra-toast-manager-top-left"
        style="position: fixed; z-index: 5500; pointer-events: none; display: flex; flex-direction: column;"
      />
      <ul
        id="chakra-toast-manager-top-right"
        style="position: fixed; z-index: 5500; pointer-events: none; display: flex; flex-direction: column;"
      />
      <ul
        id="chakra-toast-manager-bottom-left"
        style="position: fixed; z-index: 5500; pointer-events: none; display: flex; flex-direction: column;"
      />
      <ul
        id="chakra-toast-manager-bottom"
        style="position: fixed; z-index: 5500; pointer-events: none; display: flex; flex-direction: column; margin: 0px auto;"
      />
      <ul
        id="chakra-toast-manager-bottom-right"
        style="position: fixed; z-index: 5500; pointer-events: none; display: flex; flex-direction: column;"
      />
    </div>
    <div>
      <div
        class="c0"
      >
        <div
          class="c1"
        >
          <div
            class="c2"
          >
            Total liquidity
          </div>
          <div
            class="c3"
          >
            $29,459.39
          </div>
        </div>
        <div
          class="c1"
        >
          <div
            class="c2"
          >
            <div
              class="c4"
            >
              APR Range
              <button
                class="chakra-button css-1jl4wan"
                data-testid="open-modal-button"
                type="button"
              >
                <svg
                  class="chakra-icon css-a3dk5y"
                  focusable="false"
                >
                  question-3-circle.svg
                </svg>
              </button>
            </div>
          </div>
          <div
            class="c3"
          >
            <div
              class="c4"
            >
              40.66% - 101.56%
              <svg
                class="c5"
              >
                question-circle.svg
              </svg>
            </div>
          </div>
        </div>
      </div>
    </div>
  </body>,
  "container": <div>
    <div
      class="sc-gsDKAQ evzPaB"
    >
      <div
        class="sc-dkPtRN gpSgKu"
      >
        <div
          class="sc-hKwDye hIaRyL"
        >
          Total liquidity
        </div>
        <div
          class="sc-eCImPb fULlvQ"
        >
          $29,459.39
        </div>
      </div>
      <div
        class="sc-dkPtRN gpSgKu"
      >
        <div
          class="sc-hKwDye hIaRyL"
        >
          <div
            class="sc-bdvvtL gQRbRj"
          >
            APR Range
            <button
              class="chakra-button css-1jl4wan"
              data-testid="open-modal-button"
              type="button"
            >
              <svg
                class="chakra-icon css-a3dk5y"
                focusable="false"
              >
                question-3-circle.svg
              </svg>
            </button>
          </div>
        </div>
        <div
          class="sc-eCImPb fULlvQ"
        >
          <div
            class="sc-bdvvtL gQRbRj"
          >
            40.66% - 101.56%
            <svg
              class="sc-jRQBWg kTBwxn"
            >
              question-circle.svg
            </svg>
          </div>
        </div>
      </div>
    </div>
  </div>,
  "debug": [Function],
  "findAllByAltText": [Function],
  "findAllByDisplayValue": [Function],
  "findAllByLabelText": [Function],
  "findAllByPlaceholderText": [Function],
  "findAllByRole": [Function],
  "findAllByTestId": [Function],
  "findAllByText": [Function],
  "findAllByTitle": [Function],
  "findByAltText": [Function],
  "findByDisplayValue": [Function],
  "findByLabelText": [Function],
  "findByPlaceholderText": [Function],
  "findByRole": [Function],
  "findByTestId": [Function],
  "findByText": [Function],
  "findByTitle": [Function],
  "getAllByAltText": [Function],
  "getAllByDisplayValue": [Function],
  "getAllByLabelText": [Function],
  "getAllByPlaceholderText": [Function],
  "getAllByRole": [Function],
  "getAllByTestId": [Function],
  "getAllByText": [Function],
  "getAllByTitle": [Function],
  "getByAltText": [Function],
  "getByDisplayValue": [Function],
  "getByLabelText": [Function],
  "getByPlaceholderText": [Function],
  "getByRole": [Function],
  "getByTestId": [Function],
  "getByText": [Function],
  "getByTitle": [Function],
  "queryAllByAltText": [Function],
  "queryAllByDisplayValue": [Function],
  "queryAllByLabelText": [Function],
  "queryAllByPlaceholderText": [Function],
  "queryAllByRole": [Function],
  "queryAllByTestId": [Function],
  "queryAllByText": [Function],
  "queryAllByTitle": [Function],
  "queryByAltText": [Function],
  "queryByDisplayValue": [Function],
  "queryByLabelText": [Function],
  "queryByPlaceholderText": [Function],
  "queryByRole": [Function],
  "queryByTestId": [Function],
  "queryByText": [Function],
  "queryByTitle": [Function],
  "rerender": [Function],
  "unmount": [Function],
}
`;
